// Jest Snapshot v1, https://goo.gl/fbAQLP

exports[`Basic whole app rendering with snapshot 1`] = `
<div
  className="background-rectangles maxheight"
>
  <Connect(withRouter(NavBar))
    inDashboard={true}
  />
  <Container
    id="dashboard-container"
    tag="div"
  >
    <Row
      tag="div"
    />
  </Container>
</div>
`;
