// Jest Snapshot v1, https://goo.gl/fbAQLP

exports[`DocumentClassPage renders correctly 1`] = `
<Fragment>
  <Connect(withRouter(NavBar)) />
  <Modal
    autoFocus={true}
    backdrop={true}
    backdropTransition={
      Object {
        "mountOnEnter": true,
        "timeout": 150,
      }
    }
    centered={false}
    fade={true}
    isOpen={false}
    keyboard={true}
    modalTransition={
      Object {
        "timeout": 300,
      }
    }
    onClosed={[Function]}
    onOpened={[Function]}
    role="dialog"
    toggle={[Function]}
    zIndex={1050}
  >
    <ModalBody
      tag="div"
    >
      <form>
        <span>
           Name: 
        </span>
        <input
          onChange={[Function]}
        />
        <br />
        <span>
           Description: 
        </span>
        <textarea
          cols="50"
          name="paragraph_text"
          onChange={[Function]}
          rows="10"
        />
        <br />
        <div
          className="dropPage"
        >
          <section
            className="droppedBox"
          >
            <div
              className="dropZone"
            >
              <Dropzone
                onDrop={[Function]}
              >
                <Component />
              </Dropzone>
            </div>
          </section>
          <hr />
        </div>
      </form>
    </ModalBody>
    <ModalFooter
      tag="div"
    >
      <Button
        className="invalidSearchButton"
        color="secondary"
        onClick={[Function]}
        tag="button"
      >
        Return
      </Button>
      <Button
        color="secondary"
        disabled={true}
        onClick={[Function]}
        tag="button"
      >
        Create Document Class
      </Button>
    </ModalFooter>
  </Modal>
  <div
    className="edit-banner"
  >
    <h1
      className="h1"
    >
      Edit Document Classes
    </h1>
    <Button
      className="add-doc-text"
      color="transparent"
      id="add-new-class"
      onClick={[Function]}
      tag="button"
    >
      <img
        className="addImg"
        src="add.png"
      />
      <span
        className="add-doc-text"
      >
        Add New Document Class
      </span>
    </Button>
  </div>
  <div
    className="doc-table"
  >
    <Table
      responsiveTag="div"
      tag="table"
    >
      <tbody>
        <tr
          id="doc-table-top-row"
        >
          <th
            className="theader-centered"
          >
            Document Class Name
          </th>
          <th />
        </tr>
      </tbody>
    </Table>
  </div>
</Fragment>
`;
