// Jest Snapshot v1, https://goo.gl/fbAQLP

exports[` renders correctly 1`] = `
<div>
  <Connect(withRouter(NavBar))
    className="nav-absolute"
  />
  <div
    className="background"
  >
    <ReactBackgroundSlideshow
      alt="background slideshow"
      animationDelay={5000}
      disableClick={false}
      disableInterval={false}
      images={
        Array [
          "b1-min.jpg",
          "b3-min.jpg",
          "b4-min.jpg",
          "b5-min.jpg",
          "b6-min.jpg",
        ]
      }
    />
  </div>
  <div
    className="foreground"
  >
    <Card
      className="interview-card"
      tag="div"
    >
      <CardTitle
        tag="div"
      >
        <div
          className="text-centered"
          id="login-kiva-logo"
        >
          <img
            alt="Kiva logo"
            src="kivaPlainLogo.png"
          />
        </div>
      </CardTitle>
      <CardBody
        tag="div"
      >
        <Form
          tag="form"
        >
          <FormGroup
            tag="div"
          >
            <Input
              id="exampleEmail"
              maxLength="64"
              name="email"
              onChange={[Function]}
              pattern="([a-zA-Z0-9!#$%&'*+/=?^_\`{|}~-]+)@([a-zA-Z0-9!#$%&'*+/=?^_\`{|}~-]+).([a-zA-Z]{2,3}).?([a-zA-Z]{0,3})"
              placeholder="Email"
              required={true}
              type="email"
              value=""
            />
          </FormGroup>
          <div
            className="text-centered"
          >
            <Button
              className="right"
              color="success"
              onClick={[Function]}
              size="lg"
              tag="button"
            >
              Get security question
            </Button>
          </div>
        </Form>
      </CardBody>
      <div
        style={
          Object {
            "textAlign": "center",
          }
        }
      >
        <Link
          href="/login"
          prefetch={true}
          replace={false}
          to="/login"
        >
          <a
            href="/login"
          >
            Back to login page
          </a>
        </Link>
      </div>
    </Card>
  </div>
</div>
`;
