// Jest Snapshot v1, https://goo.gl/fbAQLP

exports[`Notification renders correctly 1`] = `
<ListGroupItem
  tag="li"
>
  <p
    className="person-name"
  >
     
    <b>
       
       
    </b>
     
  </p>
  <p
    className="time"
  >
     
     
  </p>
  <p
    className="notif-description"
  >
     
     
  </p>
  <button
    onClick={[Function]}
  >
    X
  </button>
</ListGroupItem>
`;
